{
  "schemaVersion": 1,
  "releaseTarget": "ccmr-fidelity-v2.1-authentic-language",
  "framework": "act",
  "audit": "cross-cutting-modeling",
  "officialBlueprint": {
    "minimumRate": 0.2,
    "relationship": "Modeling overlaps Preparing for Higher Math and Integrating Essential Skills; it is not a separate content silo.",
    "constructs": [
      "producing models",
      "interpreting models",
      "understanding models",
      "evaluating models",
      "improving models"
    ]
  },
  "documents": 136,
  "modelingTagged": 44,
  "modelingRate": 0.3235294117647059,
  "minimumRequired": 28,
  "domains": {
    "essentialSkills": 96,
    "preparingHigherMath": 40
  },
  "modelingByDomain": {
    "essentialSkills": 39,
    "preparingHigherMath": 5
  },
  "modelingByScope": {
    "essentialSkills:measurementUnitsConversion": 6,
    "essentialSkills:perimeterCircumferenceArea": 4,
    "essentialSkills:pythagoreanTheorem": 2,
    "essentialSkills:ratioProportionPercent": 6,
    "essentialSkills:realNumberProblemSolving": 5,
    "essentialSkills:scatterplots": 5,
    "essentialSkills:simpleEquationsInequalities": 4,
    "essentialSkills:surfaceAreaVolume": 2,
    "essentialSkills:writingAlgebraicExpressions": 5,
    "preparingHigherMath:algebra": 1,
    "preparingHigherMath:geometry": 1,
    "preparingHigherMath:numberQuantity": 1,
    "preparingHigherMath:statisticsProbability": 2
  },
  "modelingTaskTypes": {
    "lengthConversion": 1,
    "capacityConversion": 1,
    "scaleConversion": 1,
    "compoundRateConversion": 1,
    "unitPriceConversion": 1,
    "multiStepUnitConversion": 1,
    "compositeAreaSubtraction": 1,
    "dimensionChangePerimeter": 1,
    "compositeAreaAddition": 1,
    "perimeterCostChain": 1,
    "rightTriangleContext": 1,
    "resultantDistance": 1,
    "unitRate": 1,
    "proportion": 1,
    "reversePercent": 1,
    "successivePercent": 1,
    "ratioPercentConnection": 1,
    "percentChain": 1,
    "multiStepComputation": 1,
    "signedContextComputation": 1,
    "multiStepMoney": 1,
    "signedMultiStepContext": 1,
    "mixedNumberContext": 1,
    "lineOfFitPrediction": 1,
    "verticalPredictionError": 1,
    "fitEquationSelection": 1,
    "modelErrorComparison": 1,
    "residualInterpretation": 1,
    "contextLinearEquation": 1,
    "contextInequality": 1,
    "integerConstraint": 1,
    "breakEvenEquation": 1,
    "compositeVolumeAddition": 1,
    "surfaceAreaCostChain": 1,
    "contextExpression": 1,
    "geometricExpression": 1,
    "twoGroupExpression": 1,
    "rateTimeExpression": 1,
    "remainingQuantityExpression": 1,
    "algebraicModeling": 1,
    "compositeVolume": 1,
    "compoundUnitConversion": 1,
    "bivariateData": 1,
    "expectedValue": 1
  },
  "scopesWithModeling": 13,
  "failures": [],
  "warnings": []
}
