{
  "schemaVersion": 2,
  "releaseTarget": "ccmr-fidelity-v2.1-authentic-language",
  "framework": "act",
  "mode": "domain-authoring",
  "domain": "essentialSkills",
  "scopeUnits": 9,
  "documents": 72,
  "direct": 45,
  "challenge": 27,
  "multipleChoice": 72,
  "studentProducedResponse": 0,
  "modelingTagged": 32,
  "domains": {
    "essentialSkills": 72
  },
  "highSimilarityPairs": [],
  "failures": [
    "drafts/ccmr-v2.1/act/essentialSkills/ACT_NATIVE_linesAnglesShapes.v2.1.json: scope is not confirmed by the completion manifest",
    "drafts/ccmr-v2.1/act/essentialSkills/ACT_NATIVE_perimeterCircumferenceArea.v2.1.json: scope is not confirmed by the completion manifest",
    "drafts/ccmr-v2.1/act/essentialSkills/ACT_NATIVE_surfaceAreaVolume.v2.1.json: scope is not confirmed by the completion manifest"
  ],
  "warnings": []
}
